// Jest Snapshot v1, https://goo.gl/fbAQLP

exports[`Unusual floor 1`] = `39`;

exports[`Unusual floor 2`] = `44`;

exports[`Unusual floorMin 1`] = `98`;

exports[`Unusual floorMin 2`] = `7`;

exports[`Unusual integer 1`] = `167`;

exports[`Unusual pick 1`] = `"n"`;

exports[`Unusual pick 2`] = `"o"`;

exports[`Unusual pickKey 1`] = `"k"`;

exports[`Unusual pickKey 2`] = `"s"`;

exports[`Unusual pickValue 1`] = `0`;

exports[`Unusual pickValue 2`] = `13`;

exports[`Unusual random 1`] = `[Function]`;

exports[`Unusual random 2`] = `[Function]`;

exports[`Unusual shuffle 1`] = `
Array [
  "e",
  "r",
  "z",
  "w",
  "o",
  "b",
  "p",
  "n",
  "j",
  "l",
  "t",
  "m",
  "k",
  "a",
  "x",
  "v",
  "d",
  "c",
  "h",
  "u",
  "f",
  "y",
  "s",
  "g",
  "q",
  "i",
]
`;

exports[`Unusual shuffle 2`] = `
Array [
  "m",
  "c",
  "y",
  "w",
  "o",
  "h",
  "u",
  "q",
  "f",
  "r",
  "z",
  "x",
  "d",
  "b",
  "j",
  "k",
  "i",
  "p",
  "l",
  "a",
  "v",
  "n",
  "g",
  "e",
  "t",
  "s",
]
`;
